// Jest Snapshot v1, https://goo.gl/fbAQLP

exports[`WithoutHeadbarLayout render 1`] = `"<div class=\\"css-1jel6y2-Layout e1hm601p0\\"><div class=\\"css-13ru0hl-WithoutHeadbarLayout\\"><h1>Test</h1></div></div>"`;
