// Jest Snapshot v1, https://goo.gl/fbAQLP

exports[`RangeLabeledInput test render 1`] = `
.emotion-6 {
  display: -webkit-box;
  display: -webkit-flex;
  display: -ms-flexbox;
  display: flex;
  -webkit-flex-direction: column;
  -ms-flex-direction: column;
  flex-direction: column;
}

.emotion-5 {
  margin-top: 1rem;
  display: -webkit-box;
  display: -webkit-flex;
  display: -ms-flexbox;
  display: flex;
  -webkit-flex-direction: column;
  -ms-flex-direction: column;
  flex-direction: column;
}

.emotion-5:first-child {
  margin-top: 0;
}

.emotion-1 {
  display: inline-block;
  margin-bottom: 0.5rem;
}

.emotion-0 {
  box-sizing: border-box;
  margin: 0;
  font-weight: 400;
  line-height: 1.5;
  font-family: -apple-system,BlinkMacSystemFont,"Segoe UI",Roboto,"Helvetica Neue",Arial,"Noto Sans",sans-serif,"Apple Color Emoji","Segoe UI Emoji","Segoe UI Symbol","Noto Color Emoji";
  font-size: 1rem;
  color: #212529;
  -webkit-font-smoothing: antialiased;
  -webkit-text-size-adjust: none;
  font-size: 0.875rem;
  font-weight: 400;
  color: #5F6871;
  line-height: 1.5;
}

.emotion-4 {
  display: -webkit-box;
  display: -webkit-flex;
  display: -ms-flexbox;
  display: flex;
  -webkit-box-pack: justify;
  -webkit-justify-content: space-between;
  -ms-flex-pack: justify;
  justify-content: space-between;
  padding: 0 5px;
}

.emotion-2 {
  box-sizing: border-box;
  margin: 0;
  font-weight: 400;
  line-height: 1.5;
  font-family: -apple-system,BlinkMacSystemFont,"Segoe UI",Roboto,"Helvetica Neue",Arial,"Noto Sans",sans-serif,"Apple Color Emoji","Segoe UI Emoji","Segoe UI Symbol","Noto Color Emoji";
  font-size: 1rem;
  color: #212529;
  -webkit-font-smoothing: antialiased;
  -webkit-text-size-adjust: none;
  font-size: 1rem;
}

<RangeLabeledInput
  labelName="values"
>
  <Component
    className="emotion-6"
    label="values: 1"
  >
    <div
      className="emotion-5"
    >
      <Component
        htmlFor="1"
      >
        <label
          className="Label emotion-1"
          htmlFor="1"
        >
          <Component
            className="Label__text"
            variant="subtitle"
          >
            <div
              className="Label__text emotion-0"
            >
              values: 1
            </div>
          </Component>
        </label>
      </Component>
      <input
        max={10}
        min={1}
        onChange={[Function]}
        placeholder="Name"
        step={1}
        type="range"
        value="1"
      />
      <div
        className="emotion-4"
      >
        <Component>
          <span
            className="emotion-2"
          >
            1
          </span>
        </Component>
        <Component>
          <span
            className="emotion-2"
          >
            10
          </span>
        </Component>
      </div>
    </div>
  </Component>
</RangeLabeledInput>
`;
